[2026-04-21 11:09:05,746: INFO: main: Welcome to DLOPS Project logs]
[2026-04-23 11:02:03,843: INFO: common: YAML file config\config.yaml loaded successfully]
[2026-04-23 11:02:03,846: INFO: common: YAML file params.yaml loaded successfully]
[2026-04-23 11:02:03,848: INFO: common: created directory at: artifacts]
[2026-04-23 11:02:03,849: INFO: common: created directory at: artifacts/data_ingestion]
[2026-04-23 11:02:04,926: INFO: 4037744573: artifacts/data_ingestion/data.zip download! with following info: 
Connection: close
Content-Length: 11616915
Cache-Control: max-age=300
Content-Security-Policy: default-src 'none'; style-src 'unsafe-inline'; sandbox
Content-Type: application/zip
ETag: "adf745abc03891fe493c3be264ec012691fe3fa21d861f35a27edbe6d86a76b1"
Strict-Transport-Security: max-age=31536000
X-Content-Type-Options: nosniff
X-Frame-Options: deny
X-XSS-Protection: 1; mode=block
X-GitHub-Request-Id: 66E4:44E65:5DC294:733FAC:69E9AA4E
Accept-Ranges: bytes
Date: Thu, 23 Apr 2026 05:32:04 GMT
Via: 1.1 varnish
X-Served-By: cache-del-vibw2260036-DEL
X-Cache: HIT
X-Cache-Hits: 0
X-Timer: S1776922324.063868,VS0,VE297
Vary: Authorization,Accept-Encoding
Access-Control-Allow-Origin: *
Cross-Origin-Resource-Policy: cross-origin
X-Fastly-Request-ID: c4bbb7592511dbc34a2254b439bed35bd9b9f0ec
Expires: Thu, 23 Apr 2026 05:37:04 GMT
Source-Age: 0

]
[2026-04-24 10:49:37,767: INFO: main: >>>>>> Data Ingestion Stage started <<<<<<]
[2026-04-24 10:49:37,769: INFO: common: YAML file config\config.yaml loaded successfully]
[2026-04-24 10:49:37,771: INFO: common: YAML file params.yaml loaded successfully]
[2026-04-24 10:49:37,772: INFO: common: created directory at: artifacts]
[2026-04-24 10:49:37,772: INFO: common: created directory at: artifacts/data_ingestion]
[2026-04-24 10:49:37,773: INFO: data_ingestion: File already exists of size: ~ 11345 KB]
[2026-04-24 10:49:38,689: INFO: main: >>>>>> Data Ingestion Stage completed <<<<<<

x==========x]
[2026-04-27 11:05:26,763: INFO: common: YAML file config\config.yaml loaded successfully]
[2026-04-27 11:05:26,766: INFO: common: YAML file params.yaml loaded successfully]
[2026-04-27 11:05:26,768: INFO: common: created directory at: artifacts]
[2026-04-27 11:05:26,770: INFO: common: created directory at: artifacts/prepare_base_model]
[2026-04-27 11:05:33,154: WARNING: saving_api: You are saving your model as an HDF5 file via `model.save()` or `keras.saving.save_model(model)`. This file format is considered legacy. We recommend using instead the native Keras format, e.g. `model.save('my_model.keras')` or `keras.saving.save_model(model, 'my_model.keras')`. ]
[2026-04-27 11:05:33,348: WARNING: config: TensorFlow GPU support is not available on native Windows for TensorFlow >= 2.11. Even if CUDA/cuDNN are installed, GPU will not be used. Please use WSL2 or the TensorFlow-DirectML plugin.]
[2026-04-27 11:05:33,466: WARNING: saving_api: You are saving your model as an HDF5 file via `model.save()` or `keras.saving.save_model(model)`. This file format is considered legacy. We recommend using instead the native Keras format, e.g. `model.save('my_model.keras')` or `keras.saving.save_model(model, 'my_model.keras')`. ]
[2026-04-28 10:56:14,308: INFO: main: >>>>>> Data Ingestion Stage started <<<<<<]
[2026-04-28 10:56:14,329: INFO: common: YAML file config\config.yaml loaded successfully]
[2026-04-28 10:56:14,331: INFO: common: YAML file params.yaml loaded successfully]
[2026-04-28 10:56:14,331: INFO: common: created directory at: artifacts]
[2026-04-28 10:56:14,333: INFO: common: created directory at: artifacts/data_ingestion]
[2026-04-28 10:56:14,333: INFO: data_ingestion: File already exists of size: ~ 11345 KB]
[2026-04-28 10:56:15,206: INFO: main: >>>>>> Data Ingestion Stage completed <<<<<<

x==========x]
[2026-04-28 10:56:15,206: INFO: main: >>>>>> Prepare Base Model started <<<<<<]
[2026-04-28 10:56:15,207: INFO: common: YAML file config\config.yaml loaded successfully]
[2026-04-28 10:56:15,209: INFO: common: YAML file params.yaml loaded successfully]
[2026-04-28 10:56:15,211: INFO: common: created directory at: artifacts]
[2026-04-28 10:56:15,213: INFO: common: created directory at: artifacts/prepare_base_model]
[2026-04-28 10:56:15,874: WARNING: saving_api: You are saving your model as an HDF5 file via `model.save()` or `keras.saving.save_model(model)`. This file format is considered legacy. We recommend using instead the native Keras format, e.g. `model.save('my_model.keras')` or `keras.saving.save_model(model, 'my_model.keras')`. ]
[2026-04-28 10:56:16,062: WARNING: config: TensorFlow GPU support is not available on native Windows for TensorFlow >= 2.11. Even if CUDA/cuDNN are installed, GPU will not be used. Please use WSL2 or the TensorFlow-DirectML plugin.]
[2026-04-28 10:56:16,139: WARNING: saving_api: You are saving your model as an HDF5 file via `model.save()` or `keras.saving.save_model(model)`. This file format is considered legacy. We recommend using instead the native Keras format, e.g. `model.save('my_model.keras')` or `keras.saving.save_model(model, 'my_model.keras')`. ]
[2026-04-28 10:56:16,308: INFO: main: >>>>>> Prepare Base Model completed <<<<<<

x==========x]
